// Jest Snapshot v1, https://goo.gl/fbAQLP

exports[`integration installs & works 1`] = `
{
  "numFailedTestSuites": 0,
  "numFailedTests": 0,
  "numPassedTestSuites": 8,
  "numPassedTests": 8,
  "numPendingTestSuites": 4,
  "numPendingTests": 1,
  "numRuntimeErrorTestSuites": 0,
  "numTodoTests": 0,
  "numTotalTestSuites": 12,
  "numTotalTests": 9,
  "openHandles": [],
  "snapshot": {
    "added": 0,
    "didUpdate": false,
    "failure": false,
    "filesAdded": 0,
    "filesRemoved": 0,
    "filesRemovedList": [],
    "filesUnmatched": 0,
    "filesUpdated": 0,
    "matched": 0,
    "total": 0,
    "unchecked": 0,
    "uncheckedKeysByFile": [],
    "unmatched": 0,
    "updated": 0,
  },
  "startTime": 0,
  "success": true,
  "testResults": [
    {
      "assertionResults": [
        {
          "ancestorTitles": [],
          "duration": 0,
          "failureDetails": [],
          "failureMessages": [],
          "numPassingAsserts": 1,
          "status": "passed",
          "testFilePath": "mocked_root_dir/eslint.config.js",
          "title": "ESLint",
        },
      ],
      "endTime": 0,
      "message": "",
      "name": "mocked-root-dir/eslint.config.js",
      "startTime": 0,
      "status": "passed",
      "summary": "",
    },
    {
      "assertionResults": [
        {
          "ancestorTitles": [],
          "duration": 0,
          "failureDetails": [],
          "failureMessages": [],
          "fullName": "",
          "numPassingAsserts": 1,
          "status": "passed",
          "title": "",
        },
      ],
      "endTime": 0,
      "message": "",
      "name": "mocked-root-dir/eslint.config.js",
      "startTime": 0,
      "status": "passed",
      "summary": "",
    },
    {
      "assertionResults": [
        {
          "ancestorTitles": [],
          "duration": 0,
          "failureDetails": [],
          "failureMessages": [],
          "numPassingAsserts": 1,
          "status": "passed",
          "testFilePath": "mocked_root_dir/jest.config.js",
          "title": "ESLint",
        },
      ],
      "endTime": 0,
      "message": "",
      "name": "mocked-root-dir/jest.config.js",
      "startTime": 0,
      "status": "passed",
      "summary": "",
    },
    {
      "assertionResults": [
        {
          "ancestorTitles": [],
          "duration": 0,
          "failureDetails": [],
          "failureMessages": [],
          "fullName": "",
          "numPassingAsserts": 1,
          "status": "passed",
          "title": "",
        },
      ],
      "endTime": 0,
      "message": "",
      "name": "mocked-root-dir/jest.config.js",
      "startTime": 0,
      "status": "passed",
      "summary": "",
    },
    {
      "assertionResults": [
        {
          "ancestorTitles": [],
          "duration": 0,
          "failureDetails": [],
          "failureMessages": [],
          "numPassingAsserts": 0,
          "status": "skipped",
          "testFilePath": "mocked_root_dir/package.json",
          "title": "ESLint",
        },
      ],
      "coverage": {},
      "endTime": 0,
      "message": "",
      "name": "mocked-root-dir/package.json",
      "startTime": 0,
      "status": "skipped",
      "summary": "",
    },
    {
      "assertionResults": [
        {
          "ancestorTitles": [],
          "duration": 0,
          "failureDetails": [],
          "failureMessages": [],
          "fullName": "",
          "numPassingAsserts": 1,
          "status": "passed",
          "title": "",
        },
      ],
      "endTime": 0,
      "message": "",
      "name": "mocked-root-dir/package.json",
      "startTime": 0,
      "status": "passed",
      "summary": "",
    },
    {
      "assertionResults": [
        {
          "ancestorTitles": [],
          "duration": 0,
          "failureDetails": [],
          "failureMessages": [],
          "fullName": "prettier",
          "numPassingAsserts": 0,
          "status": "skipped",
          "title": "prettier",
        },
      ],
      "coverage": {},
      "endTime": 0,
      "message": "",
      "name": "mocked-root-dir/pnpm-lock.yaml",
      "startTime": 0,
      "status": "skipped",
      "summary": "",
    },
    {
      "assertionResults": [
        {
          "ancestorTitles": [],
          "duration": 0,
          "failureDetails": [],
          "failureMessages": [],
          "numPassingAsserts": 0,
          "status": "skipped",
          "testFilePath": "mocked_root_dir/src/index.test.ts",
          "title": "ESLint",
        },
      ],
      "coverage": {},
      "endTime": 0,
      "message": "",
      "name": "mocked-root-dir/src/index.test.ts",
      "startTime": 0,
      "status": "skipped",
      "summary": "",
    },
    {
      "assertionResults": [
        {
          "ancestorTitles": [
            "sayHello",
          ],
          "duration": 0,
          "failureDetails": [],
          "failureMessages": [],
          "fullName": "sayHello says hello",
          "invocations": 1,
          "location": null,
          "numPassingAsserts": 1,
          "retryReasons": [],
          "status": "passed",
          "title": "says hello",
        },
      ],
      "endTime": 0,
      "message": "",
      "name": "mocked-root-dir/src/index.test.ts",
      "startTime": 0,
      "status": "passed",
      "summary": "",
    },
    {
      "assertionResults": [
        {
          "ancestorTitles": [],
          "duration": 0,
          "failureDetails": [],
          "failureMessages": [],
          "fullName": "",
          "numPassingAsserts": 1,
          "status": "passed",
          "title": "",
        },
      ],
      "endTime": 0,
      "message": "",
      "name": "mocked-root-dir/src/index.test.ts",
      "startTime": 0,
      "status": "passed",
      "summary": "",
    },
    {
      "assertionResults": [
        {
          "ancestorTitles": [],
          "duration": 0,
          "failureDetails": [],
          "failureMessages": [],
          "numPassingAsserts": 0,
          "status": "skipped",
          "testFilePath": "mocked_root_dir/src/index.ts",
          "title": "ESLint",
        },
      ],
      "coverage": {},
      "endTime": 0,
      "message": "",
      "name": "mocked-root-dir/src/index.ts",
      "startTime": 0,
      "status": "skipped",
      "summary": "",
    },
    {
      "assertionResults": [
        {
          "ancestorTitles": [],
          "duration": 0,
          "failureDetails": [],
          "failureMessages": [],
          "fullName": "",
          "numPassingAsserts": 1,
          "status": "passed",
          "title": "",
        },
      ],
      "endTime": 0,
      "message": "",
      "name": "mocked-root-dir/src/index.ts",
      "startTime": 0,
      "status": "passed",
      "summary": "",
    },
  ],
  "wasInterrupted": false,
}
`;
