// Jest Snapshot v1, https://goo.gl/fbAQLP

exports[`integration installs & works 1`] = `
"{
  "name": "test-package",
  "type": "module"
}"
`;
